
> temp-pulse@0.1.0 build
> next build

Ôû▓ Next.js 16.1.7 (Turbopack)
- Environments: .env.local, .env

  Creating an optimized production build ...
