src/app/(painel)/pesquisas/[id]/envios/page.tsx(86,61): error TS2322: Type '{ total: number; respondidas: number; erros: number; pendentes: number; taxaSucesso: number; } | null' is not assignable to type 'EnvioStats'.
  Type 'null' is not assignable to type 'EnvioStats'.
